// Jest Snapshot v1, https://goo.gl/fbAQLP

exports[`CounterContainer matches snapshot 1`] = `
<Connect(Counter)
  store={
    Object {
      "clearActions": [Function],
      "dispatch": [Function],
      "getActions": [Function],
      "getState": [Function],
      "replaceReducer": [Function],
      "subscribe": [Function],
    }
  }
>
  <Counter
    onDecrease={[Function]}
    onIncrease={[Function]}
    store={
      Object {
        "clearActions": [Function],
        "dispatch": [Function],
        "getActions": [Function],
        "getState": [Function],
        "replaceReducer": [Function],
        "subscribe": [Function],
      }
    }
    storeSubscription={
      Subscription {
        "listeners": Object {
          "clear": [Function],
          "get": [Function],
          "notify": [Function],
          "subscribe": [Function],
        },
        "onStateChange": [Function],
        "parentSub": undefined,
        "store": Object {
          "clearActions": [Function],
          "dispatch": [Function],
          "getActions": [Function],
          "getState": [Function],
          "replaceReducer": [Function],
          "subscribe": [Function],
        },
        "unsubscribe": [Function],
      }
    }
    value={1}
  >
    <div>
      <h1>
        Counter
      </h1>
      <h2>
        1
      </h2>
      <button
        onClick={[Function]}
      >
        +
      </button>
      <button
        onClick={[Function]}
      >
        -
      </button>
    </div>
  </Counter>
</Connect(Counter)>
`;
