// Jest Snapshot v1, https://goo.gl/fbAQLP

exports[`NameFormContainer matches snapshot 1`] = `
<Connect(NameForm)
  store={
    Object {
      "clearActions": [Function],
      "dispatch": [Function],
      "getActions": [Function],
      "getState": [Function],
      "replaceReducer": [Function],
      "subscribe": [Function],
    }
  }
>
  <NameForm
    name=""
    onChange={[Function]}
    onInsert={[Function]}
    onSubmit={[Function]}
    store={
      Object {
        "clearActions": [Function],
        "dispatch": [Function],
        "getActions": [Function],
        "getState": [Function],
        "replaceReducer": [Function],
        "subscribe": [Function],
      }
    }
    storeSubscription={
      Subscription {
        "listeners": Object {
          "clear": [Function],
          "get": [Function],
          "notify": [Function],
          "subscribe": [Function],
        },
        "onStateChange": [Function],
        "parentSub": undefined,
        "store": Object {
          "clearActions": [Function],
          "dispatch": [Function],
          "getActions": [Function],
          "getState": [Function],
          "replaceReducer": [Function],
          "subscribe": [Function],
        },
        "unsubscribe": [Function],
      }
    }
  >
    <form
      onSubmit={[Function]}
    >
      <label>
        Your name
      </label>
      <input
        onChange={[Function]}
        type="text"
        value=""
      />
      <button
        type="submit"
      >
        Submit
      </button>
    </form>
  </NameForm>
</Connect(NameForm)>
`;
